[1/272] Acton Town
[2/272] Aldgate
[3/272] Aldgate East
[4/272] Alperton
[5/272] Amersham
[6/272] Angel
[7/272] Archway
[8/272] Arnos Grove
[9/272] Arsenal
[10/272] Baker Street
[11/272] Balham
[12/272] Bank
[13/272] Barbican
[14/272] Barking
[15/272] Barkingside
[16/272] Barons Court
[17/272] Battersea Power Station
[18/272] Bayswater
[19/272] Becontree
[20/272] Belsize Park
[21/272] Bermondsey
[22/272] Bethnal Green
[23/272] Blackfriars
[24/272] Blackhorse Road
[25/272] Bond Street
[26/272] Borough
[27/272] Boston Manor
[28/272] Bounds Green
[29/272] Bow Road
[30/272] Brent Cross
[31/272] Brixton
[32/272] Bromley-by-Bow
[33/272] Buckhurst Hill
[34/272] Burnt Oak
[35/272] Caledonian Road
[36/272] Camden Town
[37/272] Canada Water
[38/272] Canary Wharf
[39/272] Canning Town
[40/272] Cannon Street
[41/272] Canons Park
[42/272] Chalfont & Latimer
[43/272] Chalk Farm
[44/272] Chancery Lane
[45/272] Charing Cross
[46/272] Chesham
[47/272] Chigwell
[48/272] Chiswick Park
[49/272] Chorleywood
[50/272] Clapham Common
[51/272] Clapham North
[52/272] Clapham South
[53/272] Cockfosters
[54/272] Colindale
[55/272] Colliers Wood
[56/272] Covent Garden
[57/272] Croxley
[58/272] Dagenham East
[59/272] Dagenham Heathway
[60/272] Debden
[61/272] Dollis Hill
[62/272] Ealing Broadway
[63/272] Ealing Common
[64/272] Earl's Court
[65/272] East Acton
[66/272] East Finchley
[67/272] East Ham
[68/272] East Putney
[69/272] Eastcote
[70/272] Edgware
[71/272] Edgware Road (Bakerloo)
[72/272] Edgware Road (Circle)
[73/272] Elephant & Castle
[74/272] Elm Park
[75/272] Embankment
[76/272] Epping
[77/272] Euston
[78/272] Euston Square
[79/272] Fairlop
[80/272] Farringdon
[81/272] Finchley Central
[82/272] Finchley Road
[83/272] Finsbury Park
[84/272] Fulham Broadway
[85/272] Gants Hill
[86/272] Gloucester Road
[87/272] Golders Green
[88/272] Goldhawk Road
[89/272] Goodge Street
[90/272] Grange Hill
[91/272] Great Portland Street
[92/272] Green Park
[93/272] Greenford
[94/272] Gunnersbury
[95/272] Hainault
[96/272] Hammersmith (District & Piccadilly)
[97/272] Hammersmith (Hammersmith & City)
[98/272] Hampstead
[99/272] Hanger Lane
[100/272] Harlesden
[101/272] Harrow & Wealdstone
[102/272] Harrow-on-the-Hill
[103/272] Hatton Cross
[104/272] Heathrow Terminal 4
[105/272] Heathrow Terminal 5
[106/272] Heathrow Terminals 2 & 3
[107/272] Hendon Central
[108/272] High Barnet
[109/272] High Street Kensington
[110/272] Highbury & Islington
[111/272] Highgate
[112/272] Hillingdon
[113/272] Holborn
[114/272] Holland Park
[115/272] Holloway Road
[116/272] Hornchurch
[117/272] Hounslow Central
[118/272] Hounslow East
[119/272] Hounslow West
[120/272] Hyde Park Corner
[121/272] Ickenham
[122/272] Kennington
[123/272] Kensal Green
[124/272] Kensington (Olympia)
[125/272] Kentish Town
[126/272] Kenton
[127/272] Kew Gardens
[128/272] Kilburn
[129/272] Kilburn Park
[130/272] King's Cross St. Pancras
[131/272] Kingsbury
[132/272] Knightsbridge
[133/272] Ladbroke Grove
[134/272] Lambeth North
[135/272] Lancaster Gate
[136/272] Latimer Road
[137/272] Leicester Square
[138/272] Leyton
[139/272] Leytonstone
[140/272] Liverpool Street
[141/272] London Bridge
[142/272] Loughton
[143/272] Maida Vale
[144/272] Manor House
[145/272] Mansion House
[146/272] Marble Arch
[147/272] Marylebone
[148/272] Mile End
[149/272] Mill Hill East
[150/272] Monument
[151/272] Moor Park
[152/272] Moorgate
[153/272] Morden
[154/272] Mornington Crescent
[155/272] Neasden
[156/272] Newbury Park
[157/272] Nine Elms
[158/272] North Acton
[159/272] North Ealing
[160/272] North Greenwich
[161/272] North Harrow
[162/272] North Wembley
[163/272] Northfields
[164/272] Northolt
[165/272] Northwick Park
[166/272] Northwood
[167/272] Northwood Hills
[168/272] Notting Hill Gate
[169/272] Oakwood
[170/272] Old Street
[171/272] Osterley
[172/272] Oval
[173/272] Oxford Circus
[174/272] Paddington
[175/272] Paddington (Hammersmith & City)
[176/272] Park Royal
[177/272] Parsons Green
[178/272] Perivale
[179/272] Piccadilly Circus
[180/272] Pimlico
[181/272] Pinner
[182/272] Plaistow
[183/272] Preston Road
[184/272] Putney Bridge
[185/272] Queen's Park
[186/272] Queensbury
[187/272] Queensway
[188/272] Ravenscourt Park
[189/272] Rayners Lane
[190/272] Redbridge
[191/272] Regent's Park
[192/272] Richmond
[193/272] Rickmansworth
[194/272] Roding Valley
[195/272] Royal Oak
[196/272] Ruislip
[197/272] Ruislip Gardens
[198/272] Ruislip Manor
[199/272] Russell Square
[200/272] Seven Sisters
[201/272] Shepherd's Bush (Central)
[202/272] Shepherd's Bush Market
[203/272] Sloane Square
[204/272] Snaresbrook
[205/272] South Ealing
[206/272] South Harrow
[207/272] South Kensington
[208/272] South Kenton
